[axilthemes.com/demo/template/papr/index.html]
[backblue.gif]
[fade.gif]
[index.html]
[axilthemes.com/demo/template/papr/assets/images/papr.png]
[axilthemes.com/demo/template/papr/assets/favicon/apple-icon-57x57.png]
[axilthemes.com/demo/template/papr/assets/favicon/apple-icon-60x60.png]
[axilthemes.com/demo/template/papr/assets/favicon/apple-icon-72x72.png]
[axilthemes.com/demo/template/papr/assets/favicon/apple-icon-76x76.png]
[axilthemes.com/demo/template/papr/assets/favicon/apple-icon-114x114.png]
[axilthemes.com/demo/template/papr/assets/favicon/apple-icon-120x120.png]
[axilthemes.com/demo/template/papr/assets/favicon/apple-icon-144x144.png]
[axilthemes.com/demo/template/papr/assets/favicon/apple-icon-152x152.png]
[axilthemes.com/demo/template/papr/assets/favicon/apple-icon-180x180.png]
[axilthemes.com/demo/template/papr/assets/favicon/android-icon-192x192.png]
[axilthemes.com/demo/template/papr/assets/favicon/favicon-32x32.png]
[axilthemes.com/demo/template/papr/assets/favicon/favicon-96x96.png]
[axilthemes.com/demo/template/papr/assets/favicon/favicon-16x16.png]
[axilthemes.com/demo/template/papr/assets/favicon/manifest.json]
[axilthemes.com/demo/template/papr/assets/favicon/ms-icon-144x144.png]
[axilthemes.com/demo/template/papr/assets/css/fontawesome-all.min.css]
[axilthemes.com/demo/template/papr/assets/css/iconfont.css]
[axilthemes.com/demo/template/papr/assets/css/vendor/owl.carousel.min.css]
[axilthemes.com/demo/template/papr/assets/css/vendor/magnific-popup.css]
[axilthemes.com/demo/template/papr/assets/css/vendor/bootstrap.min.css]
[axilthemes.com/demo/template/papr/assets/css/vendor/animate.css]
[axilthemes.com/demo/template/papr/assets/css/style.css]
[axilthemes.com/demo/template/papr/assets/images/subscribe-popup-img.jpg]
[axilthemes.com/demo/template/papr/business.html]
[axilthemes.com/demo/template/papr/lifestyle.html]
[axilthemes.com/demo/template/papr/technology.html]
[axilthemes.com/demo/template/papr/sports.html]
[axilthemes.com/demo/template/papr/about-us.html]
[axilthemes.com/demo/template/papr/contact.html]
[axilthemes.com/demo/template/papr/index-2.html]
[axilthemes.com/demo/template/papr/home-2.html]
[axilthemes.com/demo/template/papr/home-3.html]
[axilthemes.com/demo/template/papr/home-4.html]
[axilthemes.com/demo/template/papr/home-5.html]
[axilthemes.com/demo/template/papr/post-layout-one.html]
[axilthemes.com/demo/template/papr/post-layout-two.html]
[axilthemes.com/demo/template/papr/post-layout-three.html]
[axilthemes.com/demo/template/papr/post-layout-four.html]
[axilthemes.com/demo/template/papr/post-layout-five.html]
[axilthemes.com/demo/template/papr/post-format-standard.html]
[axilthemes.com/demo/template/papr/post-format-video.html]
[axilthemes.com/demo/template/papr/post-format-audio.html]
[axilthemes.com/demo/template/papr/post-format-gallery.html]
[axilthemes.com/demo/template/papr/post-format-quote.html]
[axilthemes.com/demo/template/papr/post-format-text-only.html]
[axilthemes.com/demo/template/papr/author.html]
[axilthemes.com/demo/template/papr/error-404.html]
[axilthemes.com/demo/template/papr/under-construction.html]
[axilthemes.com/demo/template/papr/team.html]
[axilthemes.com/demo/template/papr/assets/images/post/latest-post.jpg]
[axilthemes.com/demo/template/papr/assets/images/post/post-img-18.jpg]
[axilthemes.com/demo/template/papr/assets/images/post/post-img-19.jpg]
[axilthemes.com/demo/template/papr/assets/images/post/post-img-20.jpg]
[axilthemes.com/demo/template/papr/assets/images/post/post-img-21.jpg]
[axilthemes.com/demo/template/papr/assets/images/top-stories/top-stories-1.jpg]
[axilthemes.com/demo/template/papr/assets/images/top-stories/top-stories-2.jpg]
[axilthemes.com/demo/template/papr/assets/images/top-stories/top-stories-3.jpg]
[axilthemes.com/demo/template/papr/assets/images/trending-stories/trending-stories-1.jpg]
[axilthemes.com/demo/template/papr/assets/images/trending-stories/trending-stories-2.jpg]
[axilthemes.com/demo/template/papr/assets/images/trending-stories/trending-stories-3.jpg]
[axilthemes.com/demo/template/papr/assets/images/trending-stories/trending-stories-4.jpg]
[axilthemes.com/demo/template/papr/assets/images/trending-stories/trending-stories-5.jpg]
[axilthemes.com/demo/template/papr/assets/images/trending-stories/trending-stories-6.jpg]
[axilthemes.com/demo/template/papr/assets/images/video-post/video-post-latest.jpg]
[axilthemes.com/demo/template/papr/assets/images/video-post/video-post-1.jpg]
[axilthemes.com/demo/template/papr/assets/images/video-post/video-post-2.jpg]
[axilthemes.com/demo/template/papr/assets/images/video-post/video-post-3.jpg]
[axilthemes.com/demo/template/papr/assets/images/video-post/video-post-4.jpg]
[axilthemes.com/demo/template/papr/assets/images/clientbanner/clientbanner.jpg]
[axilthemes.com/demo/template/papr/assets/images/post/post-img-3.jpg]
[axilthemes.com/demo/template/papr/assets/images/post/post-img-4.jpg]
[axilthemes.com/demo/template/papr/assets/images/post/post-img-5.jpg]
[axilthemes.com/demo/template/papr/assets/images/post/post-img-6.jpg]
[axilthemes.com/demo/template/papr/assets/images/post/post-img-7.jpg]
[axilthemes.com/demo/template/papr/assets/images/post/post-img-8.jpg]
[axilthemes.com/demo/template/papr/assets/images/post/post-img-9.jpg]
[axilthemes.com/demo/template/papr/assets/images/post/post-img-10.jpg]
[axilthemes.com/demo/template/papr/assets/images/clientbanner/clientbanner2.jpg]
[axilthemes.com/demo/template/papr/assets/images/category-bg/category-bg-1.png]
[axilthemes.com/demo/template/papr/assets/images/category-bg/category-bg-2.png]
[axilthemes.com/demo/template/papr/assets/images/category-bg/category-bg-3.png]
[axilthemes.com/demo/template/papr/assets/images/category-bg/category-bg-4.png]
[axilthemes.com/demo/template/papr/assets/images/category-bg/category-bg-5.jpg]
[axilthemes.com/demo/template/papr/assets/images/category-bg/category-bg-6.jpg]
[axilthemes.com/demo/template/papr/assets/images/category-bg/category-bg-7.jpg]
[axilthemes.com/demo/template/papr/assets/images/category-bg/category-bg-8.jpg]
[axilthemes.com/demo/template/papr/assets/images/media/small-media-1.jpg]
[axilthemes.com/demo/template/papr/assets/images/media/small-media-2.jpg]
[axilthemes.com/demo/template/papr/assets/images/media/small-media-3.jpg]
[axilthemes.com/demo/template/papr/assets/images/media/small-media-4.jpg]
[axilthemes.com/demo/template/papr/assets/images/instagram-post/instagram-post-1.jpg]
[axilthemes.com/demo/template/papr/assets/images/instagram-post/instagram-post-2.jpg]
[axilthemes.com/demo/template/papr/assets/images/instagram-post/instagram-post-3.jpg]
[axilthemes.com/demo/template/papr/assets/images/instagram-post/instagram-post-4.jpg]
[axilthemes.com/demo/template/papr/assets/images/instagram-post/instagram-post-5.jpg]
[axilthemes.com/demo/template/papr/assets/images/instagram-post/instagram-post-6.jpg]
[axilthemes.com/demo/template/papr/assets/images/related-post/related-post-1.jpg]
[axilthemes.com/demo/template/papr/assets/images/related-post/related-post-2.jpg]
[axilthemes.com/demo/template/papr/assets/images/related-post/related-post-3.jpg]
[axilthemes.com/demo/template/papr/assets/images/related-post/related-post-4.jpg]
[axilthemes.com/demo/template/papr/assets/js/vendor/jquery-migrate.min.js]
[axilthemes.com/demo/template/papr/assets/js/vendor/jquery.min.js]
[axilthemes.com/demo/template/papr/assets/js/vendor/easing-1.3.js]
[axilthemes.com/demo/template/papr/assets/js/vendor/owl.carousel.min.js]
[axilthemes.com/demo/template/papr/assets/js/vendor/jquery.waypoints.min.js]
[axilthemes.com/demo/template/papr/assets/js/vendor/bootstrap.bundle.min.js]
[axilthemes.com/demo/template/papr/assets/js/vendor/slick.min.js]
[axilthemes.com/demo/template/papr/assets/js/vendor/isotope.pkgd.min.js]
[axilthemes.com/demo/template/papr/assets/js/vendor/jquery.counterup.js]
[axilthemes.com/demo/template/papr/assets/js/vendor/jquery.magnific-popup.min.js]
[axilthemes.com/demo/template/papr/assets/js/vendor/jquery.nicescroll.min.js]
[axilthemes.com/demo/template/papr/assets/js/plugins.js]
[axilthemes.com/demo/template/papr/index.html]
[axilthemes.com/demo/template/papr/assets/js/main.js]
[axilthemes.com/demo/template/papr/assets/fonts/font-awesome/fa-brands-400.eot]
[axilthemes.com/demo/template/papr/assets/fonts/font-awesome/fa-brands-400d41d.eot]
[axilthemes.com/demo/template/papr/assets/fonts/font-awesome/fa-brands-400.woff]
[axilthemes.com/demo/template/papr/assets/fonts/font-awesome/fa-brands-400.ttf]
[axilthemes.com/demo/template/papr/assets/fonts/font-awesome/fa-light-300.eot]
[axilthemes.com/demo/template/papr/assets/fonts/font-awesome/fa-light-300d41d.eot]
[axilthemes.com/demo/template/papr/assets/fonts/font-awesome/fa-light-300.woff]
[axilthemes.com/demo/template/papr/assets/fonts/font-awesome/fa-light-300.ttf]
[axilthemes.com/demo/template/papr/assets/fonts/font-awesome/fa-regular-400.eot]
[axilthemes.com/demo/template/papr/assets/fonts/font-awesome/fa-regular-400.woff]
[axilthemes.com/demo/template/papr/assets/fonts/font-awesome/fa-regular-400.ttf]
[axilthemes.com/demo/template/papr/assets/fonts/font-awesome/fa-solid-900.eot]
[axilthemes.com/demo/template/papr/assets/fonts/font-awesome/fa-solid-900.woff]
[axilthemes.com/demo/template/papr/assets/fonts/font-awesome/fa-solid-900.ttf]
[axilthemes.com/demo/template/papr/assets/css/fontawesome-all.min.css]
[axilthemes.com/demo/template/papr/assets/fonts/font-awesome/fa-solid-900d41d.eot]
[axilthemes.com/demo/template/papr/assets/fonts/feathere8ab.eot]
[axilthemes.com/demo/template/papr/assets/fonts/feathere8ab.woff]
[axilthemes.com/demo/template/papr/assets/fonts/feathere8ab.ttf]
[axilthemes.com/demo/template/papr/assets/css/iconfont.css]
[axilthemes.com/demo/template/papr/assets/css/vendor/bootstrap.min.css]
[axilthemes.com/demo/template/papr/assets/css/vendor/owl.video.play.png]
[axilthemes.com/demo/template/papr/assets/css/vendor/owl.carousel.min.css]
[axilthemes.com/demo/template/papr/assets/css/vendor/magnific-popup.css]
[axilthemes.com/demo/template/papr/assets/css/vendor/animate.css]
[axilthemes.com/demo/template/papr/assets/images/banner-single-post-type-two.jpg]
[axilthemes.com/demo/template/papr/assets/images/banner-gallery/banner-gallery-4.jpg]
[axilthemes.com/demo/template/papr/assets/images/under-construction-banner.jpg]
[axilthemes.com/demo/template/papr/assets/images/home-with-post-banner.jpg]
[axilthemes.com/demo/template/papr/assets/images/post-nav-bg.jpg]
[axilthemes.com/demo/template/papr/assets/images/ie-blur-shadow.png]
[axilthemes.com/demo/template/papr/assets/css/style.css]
[axilthemes.com/demo/template/papr/assets/images/business-news/post-img-3.jpg]
[axilthemes.com/demo/template/papr/assets/images/business-news/post-img-4.jpg]
[axilthemes.com/demo/template/papr/assets/images/business-news/post-img-5.jpg]
[axilthemes.com/demo/template/papr/assets/images/business-news/post-img-6.jpg]
[axilthemes.com/demo/template/papr/assets/images/business-news/post-img-7.jpg]
[axilthemes.com/demo/template/papr/assets/images/business-news/post-img-8.jpg]
[axilthemes.com/demo/template/papr/assets/images/business-news/post-img-9.jpg]
[axilthemes.com/demo/template/papr/assets/images/category-bg/category-bg-9.jpg]
[axilthemes.com/demo/template/papr/assets/images/clientbanner/clientbanner3.jpg]
[axilthemes.com/demo/template/papr/business.html]
[axilthemes.com/demo/template/papr/assets/images/life-style-news/post-img-3.jpg]
[axilthemes.com/demo/template/papr/assets/images/life-style-news/post-img-4.jpg]
[axilthemes.com/demo/template/papr/assets/images/life-style-news/post-img-5.jpg]
[axilthemes.com/demo/template/papr/assets/images/life-style-news/post-img-6.jpg]
[axilthemes.com/demo/template/papr/assets/images/life-style-news/post-img-7.jpg]
[axilthemes.com/demo/template/papr/assets/images/life-style-news/post-img-8.jpg]
[axilthemes.com/demo/template/papr/assets/images/life-style-news/post-img-9.jpg]
[axilthemes.com/demo/template/papr/lifestyle.html]
[axilthemes.com/demo/template/papr/assets/images/technology-news/post-img-3.jpg]
[axilthemes.com/demo/template/papr/assets/images/technology-news/post-img-4.jpg]
[axilthemes.com/demo/template/papr/assets/images/technology-news/post-img-5.jpg]
[axilthemes.com/demo/template/papr/assets/images/technology-news/post-img-6.jpg]
[axilthemes.com/demo/template/papr/assets/images/technology-news/post-img-7.jpg]
[axilthemes.com/demo/template/papr/assets/images/technology-news/post-img-8.jpg]
[axilthemes.com/demo/template/papr/assets/images/technology-news/post-img-9.jpg]
[axilthemes.com/demo/template/papr/technology.html]
[axilthemes.com/demo/template/papr/assets/images/sports-news/post-img-3.jpg]
[axilthemes.com/demo/template/papr/assets/images/sports-news/post-img-4.jpg]
[axilthemes.com/demo/template/papr/assets/images/sports-news/post-img-5.jpg]
[axilthemes.com/demo/template/papr/assets/images/sports-news/post-img-6.jpg]
[axilthemes.com/demo/template/papr/assets/images/sports-news/post-img-7.jpg]
[axilthemes.com/demo/template/papr/assets/images/sports-news/post-img-8.jpg]
[axilthemes.com/demo/template/papr/assets/images/sports-news/post-img-9.jpg]
[axilthemes.com/demo/template/papr/sports.html]
[axilthemes.com/demo/template/papr/assets/images/about-us.jpg]
[axilthemes.com/demo/template/papr/assets/images/team/team-1.jpg]
[axilthemes.com/demo/template/papr/assets/images/team/team-2.jpg]
[axilthemes.com/demo/template/papr/assets/images/team/team-3.jpg]
[axilthemes.com/demo/template/papr/assets/images/team/team-4.jpg]
[axilthemes.com/demo/template/papr/assets/images/team/team-5.jpg]
[axilthemes.com/demo/template/papr/assets/images/team/team-6.jpg]
[axilthemes.com/demo/template/papr/about-us.html]
[axilthemes.com/demo/template/papr/assets/images/contact-banner.jpg]
[axilthemes.com/demo/template/papr/contact.html]
[axilthemes.com/demo/template/papr/index-2.html]
[axilthemes.com/demo/template/papr/assets/images/logo-black.svg]
[axilthemes.com/demo/template/papr/assets/css/vendor/slick.css]
[axilthemes.com/demo/template/papr/assets/images/features/1.png]
[axilthemes.com/demo/template/papr/assets/images/home-banner-slider-1.jpg]
[axilthemes.com/demo/template/papr/assets/images/home-banner-slider-2.jpg]
[axilthemes.com/demo/template/papr/assets/images/home-banner-slider-3.jpg]
[axilthemes.com/demo/template/papr/assets/images/trending-stories/trending-stories-7.jpg]
[axilthemes.com/demo/template/papr/assets/images/trending-stories/trending-stories-8.jpg]
[axilthemes.com/demo/template/papr/assets/images/video-post/video-post-top.jpg]
[axilthemes.com/demo/template/papr/assets/images/trending-stories/top-stories-1.jpg]
[axilthemes.com/demo/template/papr/assets/images/trending-stories/top-stories-2.jpg]
[axilthemes.com/demo/template/papr/assets/images/trending-stories/top-stories-3.jpg]
[axilthemes.com/demo/template/papr/home-2.html]
[axilthemes.com/demo/template/papr/assets/images/trending-stories/top-stories-4.jpg]
[axilthemes.com/demo/template/papr/assets/images/features/3.png]
[axilthemes.com/demo/template/papr/assets/images/illustration/banner/home-banner-slider-2.jpg]
[axilthemes.com/demo/template/papr/assets/images/illustration/banner/home-banner-slider-3.jpg]
[axilthemes.com/demo/template/papr/assets/images/illustration/banner/home-banner-slider-1.jpg]
[axilthemes.com/demo/template/papr/assets/images/illustration/post-img-3.jpg]
[axilthemes.com/demo/template/papr/assets/images/illustration/post-img-4.jpg]
[axilthemes.com/demo/template/papr/assets/images/illustration/post-img-5.jpg]
[axilthemes.com/demo/template/papr/assets/images/illustration/post-img-6.jpg]
[axilthemes.com/demo/template/papr/assets/images/illustration/post-img-7.jpg]
[axilthemes.com/demo/template/papr/assets/images/illustration/post-img-8.jpg]
[axilthemes.com/demo/template/papr/assets/images/illustration/post-img-9.jpg]
[axilthemes.com/demo/template/papr/assets/images/illustration/small-media/small-media-1.jpg]
[axilthemes.com/demo/template/papr/assets/images/illustration/small-media/small-media-2.jpg]
[axilthemes.com/demo/template/papr/assets/images/illustration/small-media/small-media-3.jpg]
[axilthemes.com/demo/template/papr/assets/images/illustration/small-media/small-media-4.jpg]
[axilthemes.com/demo/template/papr/assets/images/illustration/instagram-post/instagram-post-1.jpg]
[axilthemes.com/demo/template/papr/assets/images/illustration/instagram-post/instagram-post-2.jpg]
[axilthemes.com/demo/template/papr/assets/images/illustration/instagram-post/instagram-post-3.jpg]
[axilthemes.com/demo/template/papr/assets/images/illustration/instagram-post/instagram-post-4.jpg]
[axilthemes.com/demo/template/papr/assets/images/illustration/instagram-post/instagram-post-5.jpg]
[axilthemes.com/demo/template/papr/home-3.html]
[axilthemes.com/demo/template/papr/assets/images/illustration/instagram-post/instagram-post-6.jpg]
[axilthemes.com/demo/template/papr/assets/images/fluid-gallery/gallery-img-1.jpg]
[axilthemes.com/demo/template/papr/assets/images/fluid-gallery/gallery-img-2.jpg]
[axilthemes.com/demo/template/papr/assets/images/fluid-gallery/gallery-img-3.jpg]
[axilthemes.com/demo/template/papr/assets/images/fluid-gallery/gallery-img-4.jpg]
[axilthemes.com/demo/template/papr/assets/images/fluid-gallery/gallery-img-5.jpg]
[axilthemes.com/demo/template/papr/assets/images/fluid-gallery/gallery-img-6.jpg]
[axilthemes.com/demo/template/papr/assets/images/fluid-gallery/gallery-img-7.jpg]
[axilthemes.com/demo/template/papr/assets/images/fluid-gallery/gallery-img-8.jpg]
[axilthemes.com/demo/template/papr/home-4.html]
[axilthemes.com/demo/template/papr/assets/images/fluid-gallery/gallery-img-9.jpg]
[axilthemes.com/demo/template/papr/assets/images/video-post/video-post-carousel-1.jpg]
[axilthemes.com/demo/template/papr/assets/images/video-post/video-post-carousel-2.jpg]
[axilthemes.com/demo/template/papr/assets/images/video-post/video-post-carousel-3.jpg]
[axilthemes.com/demo/template/papr/assets/images/fluid-post/fluid-gallery-1.jpg]
[axilthemes.com/demo/template/papr/assets/images/fluid-post/fluid-gallery-2.jpg]
[axilthemes.com/demo/template/papr/assets/images/fluid-post/fluid-gallery-3.jpg]
[axilthemes.com/demo/template/papr/assets/images/fluid-post/fluid-gallery-4.jpg]
[axilthemes.com/demo/template/papr/assets/images/fluid-post/fluid-gallery-5.jpg]
[axilthemes.com/demo/template/papr/assets/images/fluid-post/fluid-gallery-6.jpg]
[axilthemes.com/demo/template/papr/assets/images/fluid-post/fluid-gallery-7.jpg]
[axilthemes.com/demo/template/papr/assets/images/fluid-post/fluid-gallery-8.jpg]
[axilthemes.com/demo/template/papr/assets/images/fluid-post/fluid-gallery-9.jpg]
[axilthemes.com/demo/template/papr/assets/images/fluid-post/fluid-gallery-10.jpg]
[axilthemes.com/demo/template/papr/assets/images/fluid-post/fluid-gallery-11.jpg]
[axilthemes.com/demo/template/papr/assets/images/fluid-post/fluid-gallery-12.jpg]
[axilthemes.com/demo/template/papr/home-5.html]
[axilthemes.com/demo/template/papr/assets/images/author/01.png]
[axilthemes.com/demo/template/papr/assets/images/post-single-gallery/post-single-img-1.jpg]
[axilthemes.com/demo/template/papr/assets/images/post-single-gallery/post-single-gallery-6.jpg]
[axilthemes.com/demo/template/papr/assets/images/post-single-gallery/post-single-gallery-7.jpg]
[axilthemes.com/demo/template/papr/assets/videos/post-format-video-1.mp4]
[axilthemes.com/demo/template/papr/assets/images/single-masonry-gallery/gallery-1.png]
[axilthemes.com/demo/template/papr/assets/images/single-masonry-gallery/gallery-2.png]
[axilthemes.com/demo/template/papr/assets/images/single-masonry-gallery/gallery-3.png]
[axilthemes.com/demo/template/papr/assets/images/single-masonry-gallery/gallery-4.png]
[axilthemes.com/demo/template/papr/assets/audios/audio.mp3]
[axilthemes.com/demo/template/papr/assets/images/post-single-gallery/post-single-gallery-1.jpg]
[axilthemes.com/demo/template/papr/assets/images/author/author-1.png]
[axilthemes.com/demo/template/papr/assets/images/sidebar-add.jpg]
[axilthemes.com/demo/template/papr/post-layout-one.html]
[axilthemes.com/demo/template/papr/post-layout-two.html]
[axilthemes.com/demo/template/papr/assets/images/banner-gallery/banner-gallery-1.jpg]
[axilthemes.com/demo/template/papr/assets/images/banner-gallery/banner-gallery-2.jpg]
[axilthemes.com/demo/template/papr/assets/images/banner-gallery/banner-gallery-3.jpg]
[axilthemes.com/demo/template/papr/post-layout-three.html]
[axilthemes.com/demo/template/papr/post-layout-four.html]
[axilthemes.com/demo/template/papr/assets/images/banner-gallery/banner-gallery-5.jpg]
[axilthemes.com/demo/template/papr/post-layout-five.html]
[axilthemes.com/demo/template/papr/post-format-standard.html]
[axilthemes.com/demo/template/papr/post-format-video.html]
[axilthemes.com/demo/template/papr/post-format-audio.html]
[axilthemes.com/demo/template/papr/post-format-gallery.html]
[axilthemes.com/demo/template/papr/post-format-quote.html]
[axilthemes.com/demo/template/papr/post-format-text-only.html]
[axilthemes.com/demo/template/papr/assets/images/author-img.jpg]
[axilthemes.com/demo/template/papr/author.html]
[axilthemes.com/demo/template/papr/error-404.html]
[axilthemes.com/demo/template/papr/under-construction.html]
[axilthemes.com/demo/template/papr/team.html]
[axilthemes.com/demo/template/papr/assets/images/logo-symbol.svg]
[axilthemes.com/demo/template/papr/assets/fonts/font-awesome/fa-brands-400.html]
[axilthemes.com/demo/template/papr/assets/fonts/font-awesome/fa-brands-400.svg]
[axilthemes.com/demo/template/papr/assets/fonts/font-awesome/fa-light-300.html]
[axilthemes.com/demo/template/papr/assets/fonts/font-awesome/fa-light-300.svg]
[axilthemes.com/demo/template/papr/assets/fonts/font-awesome/index.html]
[axilthemes.com/demo/template/papr/assets/fonts/font-awesome/fa-regular-400.html]
[axilthemes.com/demo/template/papr/assets/fonts/font-awesome/fa-regular-400.svg]
[axilthemes.com/demo/template/papr/assets/fonts/font-awesome/fa-solid-900.html]
[axilthemes.com/demo/template/papr/assets/fonts/font-awesome/fa-solid-900.svg]
[axilthemes.com/demo/template/papr/assets/fonts/feathere8ab.svg]
[axilthemes.com/demo/template/papr/assets/css/vendor/slick.css]
[axilthemes.com/demo/template/papr/assets/images/white-logo.svg]
[axilthemes.com/demo/template/papr/assets/images/video-post/post-format-video-1.html]
