[kelsey.dexignzone.com/xhtml/index.html]
[backblue.gif]
[fade.gif]
[index.html]
[kelsey.dexignzone.com/xhtml/social-image.png]
[kelsey.dexignzone.com/xhtml/images/favicon.ico]
[kelsey.dexignzone.com/xhtml/images/favicon.png]
[kelsey.dexignzone.com/xhtml/index-2.html]
[kelsey.dexignzone.com/xhtml/images/logo-white.png]
[kelsey.dexignzone.com/xhtml/index-3.html]
[kelsey.dexignzone.com/xhtml/index-4.html]
[kelsey.dexignzone.com/xhtml/index-5.html]
[kelsey.dexignzone.com/xhtml/index-6.html]
[kelsey.dexignzone.com/xhtml/post-standart.html]
[kelsey.dexignzone.com/xhtml/post-left-sidebar.html]
[kelsey.dexignzone.com/xhtml/post-full-width.html]
[kelsey.dexignzone.com/xhtml/post-slide-show.html]
[kelsey.dexignzone.com/xhtml/post-with-small-side-image.html]
[kelsey.dexignzone.com/xhtml/post-gallery.html]
[kelsey.dexignzone.com/xhtml/post-gallery-alternative.html]
[kelsey.dexignzone.com/xhtml/post-link.html]
[kelsey.dexignzone.com/xhtml/post-audio.html]
[kelsey.dexignzone.com/xhtml/post-video.html]
[kelsey.dexignzone.com/xhtml/post-navigation.html]
[kelsey.dexignzone.com/xhtml/post-open-gutenberg.html]
[kelsey.dexignzone.com/xhtml/images/category/pic1.jpg]
[kelsey.dexignzone.com/xhtml/images/category/pic2.jpg]
[kelsey.dexignzone.com/xhtml/images/category/pic3.jpg]
[kelsey.dexignzone.com/xhtml/images/category/pic4.jpg]
[kelsey.dexignzone.com/xhtml/images/category/beauty/pic1.jpg]
[kelsey.dexignzone.com/xhtml/images/category/beauty/pic2.jpg]
[kelsey.dexignzone.com/xhtml/images/category/beauty/pic3.jpg]
[kelsey.dexignzone.com/xhtml/images/category/beauty/pic4.jpg]
[kelsey.dexignzone.com/xhtml/images/category/lifestyle/pic1.jpg]
[kelsey.dexignzone.com/xhtml/images/category/lifestyle/pic2.jpg]
[kelsey.dexignzone.com/xhtml/images/category/lifestyle/pic3.jpg]
[kelsey.dexignzone.com/xhtml/images/category/lifestyle/pic4.jpg]
[kelsey.dexignzone.com/xhtml/images/category/fashion/pic1.jpg]
[kelsey.dexignzone.com/xhtml/images/category/fashion/pic2.jpg]
[kelsey.dexignzone.com/xhtml/images/category/fashion/pic3.jpg]
[kelsey.dexignzone.com/xhtml/images/category/fashion/pic4.jpg]
[kelsey.dexignzone.com/xhtml/images/category/travel/pic1.jpg]
[kelsey.dexignzone.com/xhtml/images/category/travel/pic2.jpg]
[kelsey.dexignzone.com/xhtml/images/category/travel/pic3.jpg]
[kelsey.dexignzone.com/xhtml/images/category/travel/pic4.jpg]
[kelsey.dexignzone.com/xhtml/about-us.html]
[kelsey.dexignzone.com/xhtml/contact.html]
[kelsey.dexignzone.com/xhtml/images/main-slider/slide1.jpg]
[kelsey.dexignzone.com/xhtml/images/main-slider/slide2.jpg]
[kelsey.dexignzone.com/xhtml/images/blog/card/pic1.jpg]
[kelsey.dexignzone.com/xhtml/images/blog/card/pic2.jpg]
[kelsey.dexignzone.com/xhtml/images/blog/card/pic3.jpg]
[kelsey.dexignzone.com/xhtml/images/blog/card/pic4.jpg]
[kelsey.dexignzone.com/xhtml/images/blog/card/pic5.jpg]
[kelsey.dexignzone.com/xhtml/images/blog/card/pic6.jpg]
[kelsey.dexignzone.com/xhtml/images/blog/default/thum1.jpg]
[kelsey.dexignzone.com/xhtml/images/testimonials/pic1.jpg]
[kelsey.dexignzone.com/xhtml/images/newslatter-bg.png]
[kelsey.dexignzone.com/xhtml/images/icon/newslatter.png]
[kelsey.dexignzone.com/xhtml/images/blog/grid/pic1.jpg]
[kelsey.dexignzone.com/xhtml/images/blog/recent-blog/pic2.jpg]
[kelsey.dexignzone.com/xhtml/images/blog/recent-blog/pic3.jpg]
[kelsey.dexignzone.com/xhtml/images/blog/recent-blog/pic4.jpg]
[kelsey.dexignzone.com/xhtml/images/blog/grid/pic2.jpg]
[kelsey.dexignzone.com/xhtml/images/blog/grid/pic3.jpg]
[kelsey.dexignzone.com/xhtml/images/logo.png]
[kelsey.dexignzone.com/xhtml/index.html]
[kelsey.dexignzone.com/xhtml/css/plugins.css]
[kelsey.dexignzone.com/xhtml/images/quote.png]
[kelsey.dexignzone.com/xhtml/css/style.css]
[kelsey.dexignzone.com/xhtml/css/templete.css]
[kelsey.dexignzone.com/xhtml/css/skin/skin-1.css]
[kelsey.dexignzone.com/xhtml/plugins/revolution/revolution/fonts/revicons/revicons90c6.eot]
[kelsey.dexignzone.com/xhtml/plugins/revolution/revolution/fonts/revicons/revicons90c6.woff]
[kelsey.dexignzone.com/xhtml/plugins/revolution/revolution/fonts/revicons/revicons90c6.ttf]
[kelsey.dexignzone.com/xhtml/plugins/revolution/revolution/assets/gridtile.png]
[kelsey.dexignzone.com/xhtml/plugins/revolution/revolution/assets/gridtile_white.png]
[kelsey.dexignzone.com/xhtml/plugins/revolution/revolution/assets/gridtile_3x3.png]
[kelsey.dexignzone.com/xhtml/plugins/revolution/revolution/assets/gridtile_3x3_white.png]
[kelsey.dexignzone.com/xhtml/plugins/revolution/revolution/assets/coloredbg.png]
[kelsey.dexignzone.com/xhtml/plugins/revolution/revolution/assets/loader.gif]
[kelsey.dexignzone.com/xhtml/plugins/revolution/revolution/css/settings.css]
[kelsey.dexignzone.com/xhtml/plugins/revolution/revolution/css/layers.css]
[kelsey.dexignzone.com/xhtml/plugins/revolution/revolution/css/navigation.css]
[kelsey.dexignzone.com/xhtml/index-2.html]
[kelsey.dexignzone.com/xhtml/images/post-slide/pic1.jpg]
[kelsey.dexignzone.com/xhtml/images/post-slide/pic2.jpg]
[kelsey.dexignzone.com/xhtml/images/blog/grid/pic4.jpg]
[kelsey.dexignzone.com/xhtml/images/blog/grid/pic5.jpg]
[kelsey.dexignzone.com/xhtml/images/blog/grid/pic6.jpg]
[kelsey.dexignzone.com/xhtml/images/blog/grid/pic7.jpg]
[kelsey.dexignzone.com/xhtml/images/blog/grid/pic8.jpg]
[kelsey.dexignzone.com/xhtml/images/blog/grid/pic9.jpg]
[kelsey.dexignzone.com/xhtml/index-3.html]
[kelsey.dexignzone.com/xhtml/images/blog/grid/pic10.jpg]
[kelsey.dexignzone.com/xhtml/images/main-slider/slide3.jpg]
[kelsey.dexignzone.com/xhtml/images/blog/masonary/pic1.jpg]
[kelsey.dexignzone.com/xhtml/images/blog/masonary/pic2.jpg]
[kelsey.dexignzone.com/xhtml/images/blog/masonary/pic3.jpg]
[kelsey.dexignzone.com/xhtml/images/blog/masonary/pic4.jpg]
[kelsey.dexignzone.com/xhtml/images/blog/masonary/pic5.jpg]
[kelsey.dexignzone.com/xhtml/images/blog/masonary/pic6.jpg]
[kelsey.dexignzone.com/xhtml/images/blog/masonary/pic7.jpg]
[kelsey.dexignzone.com/xhtml/images/blog/masonary/pic8.jpg]
[kelsey.dexignzone.com/xhtml/index-4.html]
[kelsey.dexignzone.com/xhtml/images/blog/masonary/pic9.jpg]
[kelsey.dexignzone.com/xhtml/images/blog/blog-md/pic2.jpg]
[kelsey.dexignzone.com/xhtml/images/blog/blog-md/pic1.jpg]
[kelsey.dexignzone.com/xhtml/images/blog/blog-md/pic3.jpg]
[kelsey.dexignzone.com/xhtml/images/blog/blog-lg/pic1.jpg]
[kelsey.dexignzone.com/xhtml/images/blog/blog-lg/pic2.jpg]
[kelsey.dexignzone.com/xhtml/images/blog/blog-lg/pic3.jpg]
[kelsey.dexignzone.com/xhtml/images/blog/blog-lg/pic4.jpg]
[kelsey.dexignzone.com/xhtml/images/blog/blog-lg/pic5.jpg]
[kelsey.dexignzone.com/xhtml/images/blog/blog-lg/pic6.jpg]
[kelsey.dexignzone.com/xhtml/index-5.html]
[kelsey.dexignzone.com/xhtml/images/blog/large/pic4.jpg]
[kelsey.dexignzone.com/xhtml/index-6.html]
[kelsey.dexignzone.com/xhtml/images/blog/large/pic3.jpg]
[kelsey.dexignzone.com/xhtml/images/blog/default/thum2.jpg]
[kelsey.dexignzone.com/xhtml/images/gallery/pic2.jpg]
[kelsey.dexignzone.com/xhtml/images/gallery/pic3.jpg]
[kelsey.dexignzone.com/xhtml/images/blog/recent-blog/pic1.jpg]
[kelsey.dexignzone.com/xhtml/images/testimonials/pic2.jpg]
[kelsey.dexignzone.com/xhtml/images/testimonials/pic3.jpg]
[kelsey.dexignzone.com/xhtml/post-standart.html]
[kelsey.dexignzone.com/xhtml/images/blog/default/thum3.jpg]
[kelsey.dexignzone.com/xhtml/post-left-sidebar.html]
[kelsey.dexignzone.com/xhtml/images/blog/large/pic1.jpg]
[kelsey.dexignzone.com/xhtml/post-full-width.html]
[kelsey.dexignzone.com/xhtml/post-slide-show.html]
[kelsey.dexignzone.com/xhtml/post-with-small-side-image.html]
[kelsey.dexignzone.com/xhtml/images/gallery/pic1.jpg]
[kelsey.dexignzone.com/xhtml/images/blog/large/pic2.jpg]
[kelsey.dexignzone.com/xhtml/post-gallery.html]
[kelsey.dexignzone.com/xhtml/post-gallery-alternative.html]
[kelsey.dexignzone.com/xhtml/post-link.html]
[kelsey.dexignzone.com/xhtml/post-audio.html]
[kelsey.dexignzone.com/xhtml/post-video.html]
[kelsey.dexignzone.com/xhtml/images/blog/default/thum4.jpg]
[kelsey.dexignzone.com/xhtml/post-navigation.html]
[kelsey.dexignzone.com/xhtml/images/blog/full/pic1.jpg]
[kelsey.dexignzone.com/xhtml/images/blog/full/pic2.jpg]
[kelsey.dexignzone.com/xhtml/post-open-gutenberg.html]
[kelsey.dexignzone.com/xhtml/about-us.html]
[kelsey.dexignzone.com/xhtml/images/banner/bnr1.jpg]
[kelsey.dexignzone.com/xhtml/contact.html]
[kelsey.dexignzone.com/xhtml/js/jquery.min.js]
[kelsey.dexignzone.com/xhtml/plugins/bootstrap/js/popper.min.js]
[kelsey.dexignzone.com/xhtml/plugins/bootstrap/js/bootstrap.min.js]
[kelsey.dexignzone.com/xhtml/plugins/bootstrap-select/bootstrap-select.min.js]
[kelsey.dexignzone.com/xhtml/plugins/bootstrap-touchspin/jquery.bootstrap-touchspin.js]
[kelsey.dexignzone.com/xhtml/plugins/magnific-popup/magnific-popup.js]
[kelsey.dexignzone.com/xhtml/plugins/counter/waypoints-min.js]
[kelsey.dexignzone.com/xhtml/plugins/counter/counterup.min.js]
[kelsey.dexignzone.com/xhtml/plugins/imagesloaded/imagesloaded.js]
[kelsey.dexignzone.com/xhtml/plugins/masonry/masonry-3.1.4.js]
[kelsey.dexignzone.com/xhtml/plugins/masonry/masonry.filter.js]
[kelsey.dexignzone.com/xhtml/plugins/owl-carousel/owl.carousel.js]
[kelsey.dexignzone.com/xhtml/js/custom.js]
[kelsey.dexignzone.com/xhtml/js/dz.carousel.js]
[kelsey.dexignzone.com/xhtml/js/dz.ajax.js]
[kelsey.dexignzone.com/xhtml/plugins/revolution/revolution/js/jquery.themepunch.tools.min.js]
[kelsey.dexignzone.com/xhtml/plugins/revolution/revolution/js/jquery.themepunch.revolution.min.js]
[kelsey.dexignzone.com/xhtml/plugins/revolution/revolution/js/extensions/revolution.extension.actions.min.js]
[kelsey.dexignzone.com/xhtml/plugins/revolution/revolution/js/extensions/revolution.extension.carousel.min.js]
[kelsey.dexignzone.com/xhtml/plugins/revolution/revolution/js/extensions/revolution.extension.kenburn.min.js]
[kelsey.dexignzone.com/xhtml/plugins/revolution/revolution/js/extensions/revolution.extension.layeranimation.min.js]
[kelsey.dexignzone.com/xhtml/plugins/revolution/revolution/js/extensions/revolution.extension.migration.min.js]
[kelsey.dexignzone.com/xhtml/plugins/revolution/revolution/js/extensions/revolution.extension.navigation.min.js]
[kelsey.dexignzone.com/xhtml/plugins/revolution/revolution/js/extensions/revolution.extension.parallax.min.js]
[kelsey.dexignzone.com/xhtml/plugins/revolution/revolution/js/extensions/revolution.extension.slideanims.min.js]
[kelsey.dexignzone.com/xhtml/plugins/revolution/revolution/js/extensions/revolution.extension.video.min.js]
[kelsey.dexignzone.com/xhtml/js/rev.slider.js]
[kelsey.dexignzone.com/xhtml/plugins/bootstrap/css/bootstrap.min.css]
[kelsey.dexignzone.com/xhtml/plugins/fontawesome/fonts/fontawesome-webfont3e6e.eot]
[kelsey.dexignzone.com/xhtml/plugins/fontawesome/fonts/fontawesome-webfontd41d.eot]
[kelsey.dexignzone.com/xhtml/plugins/fontawesome/fonts/fontawesome-webfont3e6e.woff2]
[kelsey.dexignzone.com/xhtml/plugins/fontawesome/fonts/fontawesome-webfont3e6e.woff]
[kelsey.dexignzone.com/xhtml/plugins/fontawesome/fonts/fontawesome-webfont3e6e.ttf]
[kelsey.dexignzone.com/xhtml/plugins/fontawesome/css/font-awesome.min.css]
[kelsey.dexignzone.com/xhtml/plugins/line-awesome/fonts/line-awesomeeb4f.eot]
[kelsey.dexignzone.com/xhtml/plugins/line-awesome/fonts/line-awesome0176.eot]
[kelsey.dexignzone.com/xhtml/plugins/line-awesome/fonts/line-awesomeeb4f.woff2]
[kelsey.dexignzone.com/xhtml/plugins/line-awesome/fonts/line-awesomeeb4f.woff]
[kelsey.dexignzone.com/xhtml/plugins/line-awesome/fonts/line-awesomeeb4f.ttf]
[kelsey.dexignzone.com/xhtml/plugins/line-awesome/css/line-awesome.min.css]
[kelsey.dexignzone.com/xhtml/plugins/themify/fonts/themify9f24.eot]
[kelsey.dexignzone.com/xhtml/plugins/themify/fonts/themifyd41d.eot]
[kelsey.dexignzone.com/xhtml/plugins/themify/fonts/themify9f24.woff]
[kelsey.dexignzone.com/xhtml/plugins/themify/fonts/themify9f24.ttf]
[kelsey.dexignzone.com/xhtml/plugins/themify/themify-icons.css]
[kelsey.dexignzone.com/xhtml/plugins/owl-carousel/owl.carousel.css]
[kelsey.dexignzone.com/xhtml/plugins/bootstrap-select/bootstrap-select.min.css]
[kelsey.dexignzone.com/xhtml/plugins/magnific-popup/magnific-popup.css]
[kelsey.dexignzone.com/xhtml/images/loading.svg]
[kelsey.dexignzone.com/xhtml/plugins/revolution/revolution/fonts/revicons/revicons90c6.svg]
[kelsey.dexignzone.com/xhtml/plugins/revolution/revolution/css/openhand.html]
[kelsey.dexignzone.com/xhtml/plugins/revolution/revolution/css/closedhand.html]
[kelsey.dexignzone.com/xhtml/js/map.script.js]
[kelsey.dexignzone.com/xhtml/Version/index.html]
[kelsey.dexignzone.com/xhtml/plugins/fontawesome/fonts/fontawesome-webfont3e6e.svg]
[kelsey.dexignzone.com/xhtml/plugins/line-awesome/fonts/line-awesomeeb4f.svg]
[kelsey.dexignzone.com/xhtml/plugins/themify/fonts/themify9f24.svg]
